[icc2-lic Sun Apr  5 15:47:34 2026] Command 'report_timing' requires licenses
[icc2-lic Sun Apr  5 15:47:34 2026] Attempting to check-out alternate set of keys directly with queueing
[icc2-lic Sun Apr  5 15:47:34 2026] Sending count request for 'ICCompilerII-8' 
[icc2-lic Sun Apr  5 15:47:34 2026] Count request for 'ICCompilerII-8' returned 1 
[icc2-lic Sun Apr  5 15:47:34 2026] Sending check-out request for 'ICCompilerII-8' (1) with wait option
[icc2-lic Sun Apr  5 15:47:34 2026] Check-out request for 'ICCompilerII-8' with wait option succeeded
[icc2-lic Sun Apr  5 15:47:34 2026] Sending checkout check request for 'ICCompilerII-8' 
[icc2-lic Sun Apr  5 15:47:34 2026] Checkout check request for 'ICCompilerII-8' returned 0 
[icc2-lic Sun Apr  5 15:47:34 2026] Sending count request for 'ICCompilerII-8' 
[icc2-lic Sun Apr  5 15:47:34 2026] Count request for 'ICCompilerII-8' returned 1 
[icc2-lic Sun Apr  5 15:47:34 2026] Sending count request for 'ICCompilerII-NX' 
[icc2-lic Sun Apr  5 15:47:34 2026] Count request for 'ICCompilerII-NX' returned 1 
[icc2-lic Sun Apr  5 15:47:34 2026] Sending check-out request for 'ICCompilerII-NX' (1) with wait option
[icc2-lic Sun Apr  5 15:47:34 2026] Check-out request for 'ICCompilerII-NX' with wait option succeeded
[icc2-lic Sun Apr  5 15:47:34 2026] Sending checkout check request for 'ICCompilerII-NX' 
[icc2-lic Sun Apr  5 15:47:34 2026] Checkout check request for 'ICCompilerII-NX' returned 0 
[icc2-lic Sun Apr  5 15:47:34 2026] Sending count request for 'ICCompilerII-NX' 
[icc2-lic Sun Apr  5 15:47:34 2026] Count request for 'ICCompilerII-NX' returned 1 
[icc2-lic Sun Apr  5 15:47:34 2026] Check-out of alternate set of keys directly with queueing was successful
****************************************
Report : timing
        -path_type full
        -delay_type min
        -max_paths 20
        -report_by design
        -input_pins
Design : project
Version: W-2024.09
Date   : Sun Apr  5 15:47:34 2026
****************************************

  Startpoint: x_reg_reg[0] (rising edge-triggered flip-flop clocked by clk)
  Endpoint: y_reg[3] (rising edge-triggered flip-flop clocked by clk)
  Mode: func
  Corner: nom
  Scenario: func::nom
  Path Group: clk
  Path Type: min

  Point                                            Incr      Path  
  ------------------------------------------------------------------------
  clock clk (rise edge)                            0.00      0.00
  clock network delay (propagated)                 0.00      0.00

  x_reg_reg[0]/CLK (DFFSSRX1_RVT)                  0.00      0.00 r
  x_reg_reg[0]/Q (DFFSSRX1_RVT)                    0.07      0.07 r
  ropt_h_inst_641/A (NBUFFX2_RVT)                  0.00      0.07 r
  ropt_h_inst_641/Y (NBUFFX2_RVT)                  0.03      0.10 r
  U23/A1 (NAND3X0_RVT)                             0.00      0.10 r
  U23/Y (NAND3X0_RVT)                              0.03      0.13 f
  y_reg[3]/RSTB (DFFSSRX1_RVT)                     0.00      0.13 f
  data arrival time                                          0.13

  clock clk (rise edge)                            0.00      0.00
  clock network delay (propagated)                 0.00      0.00
  y_reg[3]/CLK (DFFSSRX1_RVT)                      0.00      0.00 r
  clock uncertainty                                0.20      0.20
  library hold time                               -0.03      0.17
  data required time                                         0.17
  ------------------------------------------------------------------------
  data required time                                         0.17
  data arrival time                                         -0.13
  ------------------------------------------------------------------------
  slack (VIOLATED)                                          -0.04



  Startpoint: x_reg_reg[2] (rising edge-triggered flip-flop clocked by clk)
  Endpoint: y_reg[0] (rising edge-triggered flip-flop clocked by clk)
  Mode: func
  Corner: nom
  Scenario: func::nom
  Path Group: clk
  Path Type: min

  Point                                            Incr      Path  
  ------------------------------------------------------------------------
  clock clk (rise edge)                            0.00      0.00
  clock network delay (propagated)                 0.00      0.00

  x_reg_reg[2]/CLK (DFFSSRX1_RVT)                  0.00      0.00 r
  x_reg_reg[2]/Q (DFFSSRX1_RVT)                    0.09      0.09 r
  ctmTdsLR_1_280/A4 (OR4X1_RVT)                    0.00      0.09 r
  ctmTdsLR_1_280/Y (OR4X1_RVT)                     0.06      0.15 r
  y_reg[0]/RSTB (DFFSSRX1_RVT)                     0.00      0.15 r
  data arrival time                                          0.15

  clock clk (rise edge)                            0.00      0.00
  clock network delay (propagated)                 0.00      0.00
  y_reg[0]/CLK (DFFSSRX1_RVT)                      0.00      0.00 r
  clock uncertainty                                0.20      0.20
  library hold time                               -0.03      0.17
  data required time                                         0.17
  ------------------------------------------------------------------------
  data required time                                         0.17
  data arrival time                                         -0.15
  ------------------------------------------------------------------------
  slack (VIOLATED)                                          -0.02



  Startpoint: x_reg_reg[2] (rising edge-triggered flip-flop clocked by clk)
  Endpoint: y_reg[7] (rising edge-triggered flip-flop clocked by clk)
  Mode: func
  Corner: nom
  Scenario: func::nom
  Path Group: clk
  Path Type: min

  Point                                            Incr      Path  
  ------------------------------------------------------------------------
  clock clk (rise edge)                            0.00      0.00
  clock network delay (propagated)                 0.00      0.00

  x_reg_reg[2]/CLK (DFFSSRX1_RVT)                  0.00      0.00 r
  x_reg_reg[2]/Q (DFFSSRX1_RVT)                    0.09      0.09 r
  U22/A3 (NAND4X0_RVT)                             0.00      0.09 r
  U22/Y (NAND4X0_RVT)                              0.03      0.12 f
  ropt_h_inst_646/A (NBUFFX2_RVT)                  0.00      0.12 f
  ropt_h_inst_646/Y (NBUFFX2_RVT)                  0.03      0.15 f
  ropt_h_inst_647/A (NBUFFX2_RVT)                  0.00      0.15 f
  ropt_h_inst_647/Y (NBUFFX2_RVT)                  0.03      0.18 f
  y_reg[7]/RSTB (DFFSSRX1_RVT)                     0.00      0.18 f
  data arrival time                                          0.18

  clock clk (rise edge)                            0.00      0.00
  clock network delay (propagated)                 0.00      0.00
  y_reg[7]/CLK (DFFSSRX1_RVT)                      0.00      0.00 r
  clock uncertainty                                0.20      0.20
  library hold time                               -0.02      0.18
  data required time                                         0.18
  ------------------------------------------------------------------------
  data required time                                         0.18
  data arrival time                                         -0.18
  ------------------------------------------------------------------------
  slack (VIOLATED)                                          -0.01



  Startpoint: x_reg_reg[0] (rising edge-triggered flip-flop clocked by clk)
  Endpoint: y_reg[2] (rising edge-triggered flip-flop clocked by clk)
  Mode: func
  Corner: nom
  Scenario: func::nom
  Path Group: clk
  Path Type: min

  Point                                            Incr      Path  
  ------------------------------------------------------------------------
  clock clk (rise edge)                            0.00      0.00
  clock network delay (propagated)                 0.00      0.00

  x_reg_reg[0]/CLK (DFFSSRX1_RVT)                  0.00      0.00 r
  x_reg_reg[0]/QN (DFFSSRX1_RVT)                   0.07      0.07 r
  U24/A3 (NAND3X0_RVT)                             0.00      0.07 r
  U24/Y (NAND3X0_RVT)                              0.03      0.09 f
  ropt_h_inst_644/A (DELLN1X2_RVT)                 0.00      0.09 f
  ropt_h_inst_644/Y (DELLN1X2_RVT)                 0.12      0.21 f
  y_reg[2]/RSTB (DFFSSRX1_RVT)                     0.00      0.21 f
  data arrival time                                          0.21

  clock clk (rise edge)                            0.00      0.00
  clock network delay (propagated)                 0.00      0.00
  y_reg[2]/CLK (DFFSSRX1_RVT)                      0.00      0.00 r
  clock uncertainty                                0.20      0.20
  library hold time                               -0.02      0.18
  data required time                                         0.18
  ------------------------------------------------------------------------
  data required time                                         0.18
  data arrival time                                         -0.21
  ------------------------------------------------------------------------
  slack (MET)                                                0.03



  Startpoint: x_reg_reg[0] (rising edge-triggered flip-flop clocked by clk)
  Endpoint: y_reg[4] (rising edge-triggered flip-flop clocked by clk)
  Mode: func
  Corner: nom
  Scenario: func::nom
  Path Group: clk
  Path Type: min

  Point                                            Incr      Path  
  ------------------------------------------------------------------------
  clock clk (rise edge)                            0.00      0.00
  clock network delay (propagated)                 0.00      0.00

  x_reg_reg[0]/CLK (DFFSSRX1_RVT)                  0.00      0.00 r
  x_reg_reg[0]/QN (DFFSSRX1_RVT)                   0.07      0.07 r
  U40/A2 (AND4X1_RVT)                              0.00      0.07 r
  U40/Y (AND4X1_RVT)                               0.04      0.11 r
  ropt_h_inst_639/A (DELLN2X2_RVT)                 0.00      0.11 r
  ropt_h_inst_639/Y (DELLN2X2_RVT)                 0.14      0.25 r
  y_reg[4]/SETB (DFFSSRX1_RVT)                     0.00      0.25 r
  data arrival time                                          0.25

  clock clk (rise edge)                            0.00      0.00
  clock network delay (propagated)                 0.00      0.00
  y_reg[4]/CLK (DFFSSRX1_RVT)                      0.00      0.00 r
  clock uncertainty                                0.20      0.20
  library hold time                                0.01      0.21
  data required time                                         0.21
  ------------------------------------------------------------------------
  data required time                                         0.21
  data arrival time                                         -0.25
  ------------------------------------------------------------------------
  slack (MET)                                                0.03



  Startpoint: x_reg_reg[1] (rising edge-triggered flip-flop clocked by clk)
  Endpoint: y_reg[1] (rising edge-triggered flip-flop clocked by clk)
  Mode: func
  Corner: nom
  Scenario: func::nom
  Path Group: clk
  Path Type: min

  Point                                            Incr      Path  
  ------------------------------------------------------------------------
  clock clk (rise edge)                            0.00      0.00
  clock network delay (propagated)                 0.00      0.00

  x_reg_reg[1]/CLK (DFFSSRX1_RVT)                  0.00      0.00 r
  x_reg_reg[1]/QN (DFFSSRX1_RVT)                   0.07      0.07 r
  U20/A3 (NAND3X0_RVT)                             0.00      0.07 r
  U20/Y (NAND3X0_RVT)                              0.03      0.09 f
  ropt_h_inst_642/A (DELLN1X2_RVT)                 0.00      0.09 f
  ropt_h_inst_642/Y (DELLN1X2_RVT)                 0.12      0.21 f
  y_reg[1]/RSTB (DFFSSRX1_RVT)                     0.00      0.21 f
  data arrival time                                          0.21

  clock clk (rise edge)                            0.00      0.00
  clock network delay (propagated)                 0.00      0.00
  y_reg[1]/CLK (DFFSSRX1_RVT)                      0.00      0.00 r
  clock uncertainty                                0.20      0.20
  library hold time                               -0.02      0.18
  data required time                                         0.18
  ------------------------------------------------------------------------
  data required time                                         0.18
  data arrival time                                         -0.21
  ------------------------------------------------------------------------
  slack (MET)                                                0.03



  Startpoint: x_reg_reg[1] (rising edge-triggered flip-flop clocked by clk)
  Endpoint: y_reg[5] (rising edge-triggered flip-flop clocked by clk)
  Mode: func
  Corner: nom
  Scenario: func::nom
  Path Group: clk
  Path Type: min

  Point                                            Incr      Path  
  ------------------------------------------------------------------------
  clock clk (rise edge)                            0.00      0.00
  clock network delay (propagated)                 0.00      0.00

  x_reg_reg[1]/CLK (DFFSSRX1_RVT)                  0.00      0.00 r
  x_reg_reg[1]/QN (DFFSSRX1_RVT)                   0.07      0.07 r
  U19/A4 (NAND4X0_RVT)                             0.00      0.07 r
  U19/Y (NAND4X0_RVT)                              0.03      0.10 f
  ropt_h_inst_645/A (DELLN1X2_RVT)                 0.00      0.10 f
  ropt_h_inst_645/Y (DELLN1X2_RVT)                 0.12      0.22 f
  y_reg[5]/RSTB (DFFSSRX1_RVT)                     0.00      0.22 f
  data arrival time                                          0.22

  clock clk (rise edge)                            0.00      0.00
  clock network delay (propagated)                 0.00      0.00
  y_reg[5]/CLK (DFFSSRX1_RVT)                      0.00      0.00 r
  clock uncertainty                                0.20      0.20
  library hold time                               -0.02      0.18
  data required time                                         0.18
  ------------------------------------------------------------------------
  data required time                                         0.18
  data arrival time                                         -0.22
  ------------------------------------------------------------------------
  slack (MET)                                                0.04



  Startpoint: x_reg_reg[0] (rising edge-triggered flip-flop clocked by clk)
  Endpoint: y_reg[6] (rising edge-triggered flip-flop clocked by clk)
  Mode: func
  Corner: nom
  Scenario: func::nom
  Path Group: clk
  Path Type: min

  Point                                            Incr      Path  
  ------------------------------------------------------------------------
  clock clk (rise edge)                            0.00      0.00
  clock network delay (propagated)                 0.00      0.00

  x_reg_reg[0]/CLK (DFFSSRX1_RVT)                  0.00      0.00 r
  x_reg_reg[0]/QN (DFFSSRX1_RVT)                   0.07      0.07 f
  U21/A3 (NAND4X0_RVT)                             0.00      0.07 f
  U21/Y (NAND4X0_RVT)                              0.03      0.10 r
  ropt_h_inst_643/A (DELLN1X2_RVT)                 0.00      0.10 r
  ropt_h_inst_643/Y (DELLN1X2_RVT)                 0.11      0.21 r
  y_reg[6]/RSTB (DFFSSRX1_RVT)                     0.00      0.21 r
  data arrival time                                          0.21

  clock clk (rise edge)                            0.00      0.00
  clock network delay (propagated)                 0.00      0.00
  y_reg[6]/CLK (DFFSSRX1_RVT)                      0.00      0.00 r
  clock uncertainty                                0.20      0.20
  library hold time                               -0.03      0.17
  data required time                                         0.17
  ------------------------------------------------------------------------
  data required time                                         0.17
  data arrival time                                         -0.21
  ------------------------------------------------------------------------
  slack (MET)                                                0.04



  Startpoint: rst (input port clocked by clk)
  Endpoint: x_reg_reg[2] (rising edge-triggered flip-flop clocked by clk)
  Mode: func
  Corner: nom
  Scenario: func::nom
  Path Group: **in2reg_default**
  Path Type: min

  Point                                            Incr      Path  
  ------------------------------------------------------------------------
  clock clk (rise edge)                            0.00      0.00
  clock network delay (propagated)                 0.00      0.00
  input external delay                             2.00      2.00 f
  rst (in)                                         0.00      2.00 f
  x_reg_reg[2]/SETB (DFFSSRX1_RVT)                 0.00      2.00 f
  data arrival time                                          2.00

  clock clk (rise edge)                            0.00      0.00
  clock network delay (propagated)                 0.00      0.00
  x_reg_reg[2]/CLK (DFFSSRX1_RVT)                  0.00      0.00 r
  clock uncertainty                                0.20      0.20
  library hold time                                0.12      0.32
  data required time                                         0.32
  ------------------------------------------------------------------------
  data required time                                         0.32
  data arrival time                                         -2.00
  ------------------------------------------------------------------------
  slack (MET)                                                1.68



  Startpoint: rst (input port clocked by clk)
  Endpoint: x_reg_reg[0] (rising edge-triggered flip-flop clocked by clk)
  Mode: func
  Corner: nom
  Scenario: func::nom
  Path Group: **in2reg_default**
  Path Type: min

  Point                                            Incr      Path  
  ------------------------------------------------------------------------
  clock clk (rise edge)                            0.00      0.00
  clock network delay (propagated)                 0.00      0.00
  input external delay                             2.00      2.00 f
  rst (in)                                         0.00      2.00 f
  x_reg_reg[0]/SETB (DFFSSRX1_RVT)                 0.00      2.00 f
  data arrival time                                          2.00

  clock clk (rise edge)                            0.00      0.00
  clock network delay (propagated)                 0.00      0.00
  x_reg_reg[0]/CLK (DFFSSRX1_RVT)                  0.00      0.00 r
  clock uncertainty                                0.20      0.20
  library hold time                                0.12      0.32
  data required time                                         0.32
  ------------------------------------------------------------------------
  data required time                                         0.32
  data arrival time                                         -2.00
  ------------------------------------------------------------------------
  slack (MET)                                                1.68



  Startpoint: rst (input port clocked by clk)
  Endpoint: x_reg_reg[1] (rising edge-triggered flip-flop clocked by clk)
  Mode: func
  Corner: nom
  Scenario: func::nom
  Path Group: **in2reg_default**
  Path Type: min

  Point                                            Incr      Path  
  ------------------------------------------------------------------------
  clock clk (rise edge)                            0.00      0.00
  clock network delay (propagated)                 0.00      0.00
  input external delay                             2.00      2.00 f
  rst (in)                                         0.00      2.00 f
  x_reg_reg[1]/SETB (DFFSSRX1_RVT)                 0.00      2.00 f
  data arrival time                                          2.00

  clock clk (rise edge)                            0.00      0.00
  clock network delay (propagated)                 0.00      0.00
  x_reg_reg[1]/CLK (DFFSSRX1_RVT)                  0.00      0.00 r
  clock uncertainty                                0.20      0.20
  library hold time                                0.12      0.32
  data required time                                         0.32
  ------------------------------------------------------------------------
  data required time                                         0.32
  data arrival time                                         -2.00
  ------------------------------------------------------------------------
  slack (MET)                                                1.68



  Startpoint: x[0] (input port clocked by clk)
  Endpoint: x_reg_reg[0] (rising edge-triggered flip-flop clocked by clk)
  Mode: func
  Corner: nom
  Scenario: func::nom
  Path Group: **in2reg_default**
  Path Type: min

  Point                                            Incr      Path  
  ------------------------------------------------------------------------
  clock clk (rise edge)                            0.00      0.00
  clock network delay (propagated)                 0.00      0.00
  input external delay                             2.00      2.00 f
  x[0] (in)                                        0.00      2.00 f
  x_reg_reg[0]/RSTB (DFFSSRX1_RVT)                 0.00      2.00 f
  data arrival time                                          2.00

  clock clk (rise edge)                            0.00      0.00
  clock network delay (propagated)                 0.00      0.00
  x_reg_reg[0]/CLK (DFFSSRX1_RVT)                  0.00      0.00 r
  clock uncertainty                                0.20      0.20
  library hold time                               -0.02      0.18
  data required time                                         0.18
  ------------------------------------------------------------------------
  data required time                                         0.18
  data arrival time                                         -2.00
  ------------------------------------------------------------------------
  slack (MET)                                                1.82



  Startpoint: x[1] (input port clocked by clk)
  Endpoint: x_reg_reg[1] (rising edge-triggered flip-flop clocked by clk)
  Mode: func
  Corner: nom
  Scenario: func::nom
  Path Group: **in2reg_default**
  Path Type: min

  Point                                            Incr      Path  
  ------------------------------------------------------------------------
  clock clk (rise edge)                            0.00      0.00
  clock network delay (propagated)                 0.00      0.00
  input external delay                             2.00      2.00 f
  x[1] (in)                                        0.00      2.00 f
  x_reg_reg[1]/RSTB (DFFSSRX1_RVT)                 0.00      2.00 f
  data arrival time                                          2.00

  clock clk (rise edge)                            0.00      0.00
  clock network delay (propagated)                 0.00      0.00
  x_reg_reg[1]/CLK (DFFSSRX1_RVT)                  0.00      0.00 r
  clock uncertainty                                0.20      0.20
  library hold time                               -0.02      0.18
  data required time                                         0.18
  ------------------------------------------------------------------------
  data required time                                         0.18
  data arrival time                                         -2.00
  ------------------------------------------------------------------------
  slack (MET)                                                1.82



  Startpoint: x[2] (input port clocked by clk)
  Endpoint: x_reg_reg[2] (rising edge-triggered flip-flop clocked by clk)
  Mode: func
  Corner: nom
  Scenario: func::nom
  Path Group: **in2reg_default**
  Path Type: min

  Point                                            Incr      Path  
  ------------------------------------------------------------------------
  clock clk (rise edge)                            0.00      0.00
  clock network delay (propagated)                 0.00      0.00
  input external delay                             2.00      2.00 f
  x[2] (in)                                        0.00      2.00 f
  x_reg_reg[2]/RSTB (DFFSSRX1_RVT)                 0.00      2.00 f
  data arrival time                                          2.00

  clock clk (rise edge)                            0.00      0.00
  clock network delay (propagated)                 0.00      0.00
  x_reg_reg[2]/CLK (DFFSSRX1_RVT)                  0.00      0.00 r
  clock uncertainty                                0.20      0.20
  library hold time                               -0.02      0.18
  data required time                                         0.18
  ------------------------------------------------------------------------
  data required time                                         0.18
  data arrival time                                         -2.00
  ------------------------------------------------------------------------
  slack (MET)                                                1.82



  Startpoint: y_reg[5] (rising edge-triggered flip-flop clocked by clk)
  Endpoint: y[5] (output port clocked by clk)
  Mode: func
  Corner: nom
  Scenario: func::nom
  Path Group: **reg2out_default**
  Path Type: min

  Point                                            Incr      Path  
  ------------------------------------------------------------------------
  clock clk (rise edge)                            0.00      0.00
  clock network delay (propagated)                 0.00      0.00

  y_reg[5]/CLK (DFFSSRX1_RVT)                      0.00      0.00 r
  y_reg[5]/QN (DFFSSRX1_RVT)                       0.05      0.05 f
  y[5] (out)                                       0.00      0.05 f
  data arrival time                                          0.05

  clock clk (rise edge)                            0.00      0.00
  clock network delay (propagated)                 0.00      0.00
  clock uncertainty                                0.20      0.20
  output external delay                           -2.00     -1.80
  data required time                                        -1.80
  ------------------------------------------------------------------------
  data required time                                        -1.80
  data arrival time                                         -0.05
  ------------------------------------------------------------------------
  slack (MET)                                                1.85



  Startpoint: y_reg[0] (rising edge-triggered flip-flop clocked by clk)
  Endpoint: y[0] (output port clocked by clk)
  Mode: func
  Corner: nom
  Scenario: func::nom
  Path Group: **reg2out_default**
  Path Type: min

  Point                                            Incr      Path  
  ------------------------------------------------------------------------
  clock clk (rise edge)                            0.00      0.00
  clock network delay (propagated)                 0.00      0.00

  y_reg[0]/CLK (DFFSSRX1_RVT)                      0.00      0.00 r
  y_reg[0]/QN (DFFSSRX1_RVT)                       0.05      0.05 f
  y[0] (out)                                       0.00      0.05 f
  data arrival time                                          0.05

  clock clk (rise edge)                            0.00      0.00
  clock network delay (propagated)                 0.00      0.00
  clock uncertainty                                0.20      0.20
  output external delay                           -2.00     -1.80
  data required time                                        -1.80
  ------------------------------------------------------------------------
  data required time                                        -1.80
  data arrival time                                         -0.05
  ------------------------------------------------------------------------
  slack (MET)                                                1.85



  Startpoint: y_reg[6] (rising edge-triggered flip-flop clocked by clk)
  Endpoint: y[6] (output port clocked by clk)
  Mode: func
  Corner: nom
  Scenario: func::nom
  Path Group: **reg2out_default**
  Path Type: min

  Point                                            Incr      Path  
  ------------------------------------------------------------------------
  clock clk (rise edge)                            0.00      0.00
  clock network delay (propagated)                 0.00      0.00

  y_reg[6]/CLK (DFFSSRX1_RVT)                      0.00      0.00 r
  y_reg[6]/QN (DFFSSRX1_RVT)                       0.05      0.05 f
  y[6] (out)                                       0.00      0.05 f
  data arrival time                                          0.05

  clock clk (rise edge)                            0.00      0.00
  clock network delay (propagated)                 0.00      0.00
  clock uncertainty                                0.20      0.20
  output external delay                           -2.00     -1.80
  data required time                                        -1.80
  ------------------------------------------------------------------------
  data required time                                        -1.80
  data arrival time                                         -0.05
  ------------------------------------------------------------------------
  slack (MET)                                                1.85



  Startpoint: y_reg[2] (rising edge-triggered flip-flop clocked by clk)
  Endpoint: y[2] (output port clocked by clk)
  Mode: func
  Corner: nom
  Scenario: func::nom
  Path Group: **reg2out_default**
  Path Type: min

  Point                                            Incr      Path  
  ------------------------------------------------------------------------
  clock clk (rise edge)                            0.00      0.00
  clock network delay (propagated)                 0.00      0.00

  y_reg[2]/CLK (DFFSSRX1_RVT)                      0.00      0.00 r
  y_reg[2]/QN (DFFSSRX1_RVT)                       0.05      0.05 f
  y[2] (out)                                       0.00      0.05 f
  data arrival time                                          0.05

  clock clk (rise edge)                            0.00      0.00
  clock network delay (propagated)                 0.00      0.00
  clock uncertainty                                0.20      0.20
  output external delay                           -2.00     -1.80
  data required time                                        -1.80
  ------------------------------------------------------------------------
  data required time                                        -1.80
  data arrival time                                         -0.05
  ------------------------------------------------------------------------
  slack (MET)                                                1.85



  Startpoint: y_reg[4] (rising edge-triggered flip-flop clocked by clk)
  Endpoint: y[4] (output port clocked by clk)
  Mode: func
  Corner: nom
  Scenario: func::nom
  Path Group: **reg2out_default**
  Path Type: min

  Point                                            Incr      Path  
  ------------------------------------------------------------------------
  clock clk (rise edge)                            0.00      0.00
  clock network delay (propagated)                 0.00      0.00

  y_reg[4]/CLK (DFFSSRX1_RVT)                      0.00      0.00 r
  y_reg[4]/QN (DFFSSRX1_RVT)                       0.05      0.05 f
  y[4] (out)                                       0.00      0.05 f
  data arrival time                                          0.05

  clock clk (rise edge)                            0.00      0.00
  clock network delay (propagated)                 0.00      0.00
  clock uncertainty                                0.20      0.20
  output external delay                           -2.00     -1.80
  data required time                                        -1.80
  ------------------------------------------------------------------------
  data required time                                        -1.80
  data arrival time                                         -0.05
  ------------------------------------------------------------------------
  slack (MET)                                                1.85



  Startpoint: y_reg[3] (rising edge-triggered flip-flop clocked by clk)
  Endpoint: y[3] (output port clocked by clk)
  Mode: func
  Corner: nom
  Scenario: func::nom
  Path Group: **reg2out_default**
  Path Type: min

  Point                                            Incr      Path  
  ------------------------------------------------------------------------
  clock clk (rise edge)                            0.00      0.00
  clock network delay (propagated)                 0.00      0.00

  y_reg[3]/CLK (DFFSSRX1_RVT)                      0.00      0.00 r
  y_reg[3]/QN (DFFSSRX1_RVT)                       0.05      0.05 f
  y[3] (out)                                       0.00      0.05 f
  data arrival time                                          0.05

  clock clk (rise edge)                            0.00      0.00
  clock network delay (propagated)                 0.00      0.00
  clock uncertainty                                0.20      0.20
  output external delay                           -2.00     -1.80
  data required time                                        -1.80
  ------------------------------------------------------------------------
  data required time                                        -1.80
  data arrival time                                         -0.05
  ------------------------------------------------------------------------
  slack (MET)                                                1.85


1
