 
****************************************
Report : timing
        -path full
        -delay min
        -max_paths 10
Design : project
Version: W-2024.09
Date   : Sun Apr  5 14:56:03 2026
****************************************

Operating Conditions: ss0p7vn40c   Library: saed32rvt_ss0p7vn40c
Wire Load Model Mode: enclosed

  Startpoint: x_reg_reg[0]
              (rising edge-triggered flip-flop clocked by clk)
  Endpoint: y_reg[2] (rising edge-triggered flip-flop clocked by clk)
  Path Group: clk
  Path Type: min

  Des/Clust/Port     Wire Load Model       Library
  ------------------------------------------------
  project            ForQA                 saed32rvt_ss0p7vn40c

  Point                                    Incr       Path
  -----------------------------------------------------------
  clock clk (rise edge)                    0.00       0.00
  clock network delay (ideal)              0.00       0.00
  x_reg_reg[0]/CLK (DFFSSRX1_RVT)          0.00       0.00 r
  x_reg_reg[0]/QN (DFFSSRX1_RVT)           0.54       0.54 r
  U24/Y (NAND3X0_RVT)                      0.28       0.82 f
  y_reg[2]/RSTB (DFFSSRX1_RVT)             0.00       0.82 f
  data arrival time                                   0.82

  clock clk (rise edge)                    0.00       0.00
  clock network delay (ideal)              0.00       0.00
  clock uncertainty                        0.20       0.20
  y_reg[2]/CLK (DFFSSRX1_RVT)              0.00       0.20 r
  library hold time                       -0.16       0.04
  data required time                                  0.04
  -----------------------------------------------------------
  data required time                                  0.04
  data arrival time                                  -0.82
  -----------------------------------------------------------
  slack (MET)                                         0.78


  Startpoint: x_reg_reg[1]
              (rising edge-triggered flip-flop clocked by clk)
  Endpoint: y_reg[1] (rising edge-triggered flip-flop clocked by clk)
  Path Group: clk
  Path Type: min

  Des/Clust/Port     Wire Load Model       Library
  ------------------------------------------------
  project            ForQA                 saed32rvt_ss0p7vn40c

  Point                                    Incr       Path
  -----------------------------------------------------------
  clock clk (rise edge)                    0.00       0.00
  clock network delay (ideal)              0.00       0.00
  x_reg_reg[1]/CLK (DFFSSRX1_RVT)          0.00       0.00 r
  x_reg_reg[1]/QN (DFFSSRX1_RVT)           0.54       0.54 r
  U20/Y (NAND3X0_RVT)                      0.29       0.83 f
  y_reg[1]/RSTB (DFFSSRX1_RVT)             0.00       0.83 f
  data arrival time                                   0.83

  clock clk (rise edge)                    0.00       0.00
  clock network delay (ideal)              0.00       0.00
  clock uncertainty                        0.20       0.20
  y_reg[1]/CLK (DFFSSRX1_RVT)              0.00       0.20 r
  library hold time                       -0.16       0.04
  data required time                                  0.04
  -----------------------------------------------------------
  data required time                                  0.04
  data arrival time                                  -0.83
  -----------------------------------------------------------
  slack (MET)                                         0.79


  Startpoint: x_reg_reg[0]
              (rising edge-triggered flip-flop clocked by clk)
  Endpoint: y_reg[6] (rising edge-triggered flip-flop clocked by clk)
  Path Group: clk
  Path Type: min

  Des/Clust/Port     Wire Load Model       Library
  ------------------------------------------------
  project            ForQA                 saed32rvt_ss0p7vn40c

  Point                                    Incr       Path
  -----------------------------------------------------------
  clock clk (rise edge)                    0.00       0.00
  clock network delay (ideal)              0.00       0.00
  x_reg_reg[0]/CLK (DFFSSRX1_RVT)          0.00       0.00 r
  x_reg_reg[0]/QN (DFFSSRX1_RVT)           0.54       0.54 r
  U21/Y (NAND4X0_RVT)                      0.34       0.88 f
  y_reg[6]/RSTB (DFFSSRX1_RVT)             0.00       0.88 f
  data arrival time                                   0.88

  clock clk (rise edge)                    0.00       0.00
  clock network delay (ideal)              0.00       0.00
  clock uncertainty                        0.20       0.20
  y_reg[6]/CLK (DFFSSRX1_RVT)              0.00       0.20 r
  library hold time                       -0.19       0.01
  data required time                                  0.01
  -----------------------------------------------------------
  data required time                                  0.01
  data arrival time                                  -0.88
  -----------------------------------------------------------
  slack (MET)                                         0.87


  Startpoint: x_reg_reg[1]
              (rising edge-triggered flip-flop clocked by clk)
  Endpoint: y_reg[5] (rising edge-triggered flip-flop clocked by clk)
  Path Group: clk
  Path Type: min

  Des/Clust/Port     Wire Load Model       Library
  ------------------------------------------------
  project            ForQA                 saed32rvt_ss0p7vn40c

  Point                                    Incr       Path
  -----------------------------------------------------------
  clock clk (rise edge)                    0.00       0.00
  clock network delay (ideal)              0.00       0.00
  x_reg_reg[1]/CLK (DFFSSRX1_RVT)          0.00       0.00 r
  x_reg_reg[1]/QN (DFFSSRX1_RVT)           0.54       0.54 r
  U19/Y (NAND4X0_RVT)                      0.35       0.90 f
  y_reg[5]/RSTB (DFFSSRX1_RVT)             0.00       0.90 f
  data arrival time                                   0.90

  clock clk (rise edge)                    0.00       0.00
  clock network delay (ideal)              0.00       0.00
  clock uncertainty                        0.20       0.20
  y_reg[5]/CLK (DFFSSRX1_RVT)              0.00       0.20 r
  library hold time                       -0.19       0.01
  data required time                                  0.01
  -----------------------------------------------------------
  data required time                                  0.01
  data arrival time                                  -0.90
  -----------------------------------------------------------
  slack (MET)                                         0.88


  Startpoint: x_reg_reg[0]
              (rising edge-triggered flip-flop clocked by clk)
  Endpoint: y_reg[4] (rising edge-triggered flip-flop clocked by clk)
  Path Group: clk
  Path Type: min

  Des/Clust/Port     Wire Load Model       Library
  ------------------------------------------------
  project            ForQA                 saed32rvt_ss0p7vn40c

  Point                                    Incr       Path
  -----------------------------------------------------------
  clock clk (rise edge)                    0.00       0.00
  clock network delay (ideal)              0.00       0.00
  x_reg_reg[0]/CLK (DFFSSRX1_RVT)          0.00       0.00 r
  x_reg_reg[0]/QN (DFFSSRX1_RVT)           0.54       0.54 r
  U40/Y (AND4X1_RVT)                       0.45       0.99 r
  y_reg[4]/SETB (DFFSSRX1_RVT)             0.00       0.99 r
  data arrival time                                   0.99

  clock clk (rise edge)                    0.00       0.00
  clock network delay (ideal)              0.00       0.00
  clock uncertainty                        0.20       0.20
  y_reg[4]/CLK (DFFSSRX1_RVT)              0.00       0.20 r
  library hold time                       -0.21      -0.01
  data required time                                 -0.01
  -----------------------------------------------------------
  data required time                                 -0.01
  data arrival time                                  -0.99
  -----------------------------------------------------------
  slack (MET)                                         1.00


  Startpoint: x_reg_reg[0]
              (rising edge-triggered flip-flop clocked by clk)
  Endpoint: y_reg[3] (rising edge-triggered flip-flop clocked by clk)
  Path Group: clk
  Path Type: min

  Des/Clust/Port     Wire Load Model       Library
  ------------------------------------------------
  project            ForQA                 saed32rvt_ss0p7vn40c

  Point                                    Incr       Path
  -----------------------------------------------------------
  clock clk (rise edge)                    0.00       0.00
  clock network delay (ideal)              0.00       0.00
  x_reg_reg[0]/CLK (DFFSSRX1_RVT)          0.00       0.00 r
  x_reg_reg[0]/Q (DFFSSRX1_RVT)            0.78       0.78 f
  U23/Y (NAND3X0_RVT)                      0.22       1.00 r
  y_reg[3]/RSTB (DFFSSRX1_RVT)             0.00       1.00 r
  data arrival time                                   1.00

  clock clk (rise edge)                    0.00       0.00
  clock network delay (ideal)              0.00       0.00
  clock uncertainty                        0.20       0.20
  y_reg[3]/CLK (DFFSSRX1_RVT)              0.00       0.20 r
  library hold time                       -0.20       0.00
  data required time                                  0.00
  -----------------------------------------------------------
  data required time                                  0.00
  data arrival time                                  -1.00
  -----------------------------------------------------------
  slack (MET)                                         1.01


  Startpoint: x_reg_reg[1]
              (rising edge-triggered flip-flop clocked by clk)
  Endpoint: y_reg[7] (rising edge-triggered flip-flop clocked by clk)
  Path Group: clk
  Path Type: min

  Des/Clust/Port     Wire Load Model       Library
  ------------------------------------------------
  project            ForQA                 saed32rvt_ss0p7vn40c

  Point                                    Incr       Path
  -----------------------------------------------------------
  clock clk (rise edge)                    0.00       0.00
  clock network delay (ideal)              0.00       0.00
  x_reg_reg[1]/CLK (DFFSSRX1_RVT)          0.00       0.00 r
  x_reg_reg[1]/Q (DFFSSRX1_RVT)            0.78       0.78 f
  U22/Y (NAND4X0_RVT)                      0.24       1.02 r
  y_reg[7]/RSTB (DFFSSRX1_RVT)             0.00       1.02 r
  data arrival time                                   1.02

  clock clk (rise edge)                    0.00       0.00
  clock network delay (ideal)              0.00       0.00
  clock uncertainty                        0.20       0.20
  y_reg[7]/CLK (DFFSSRX1_RVT)              0.00       0.20 r
  library hold time                       -0.22      -0.02
  data required time                                 -0.02
  -----------------------------------------------------------
  data required time                                 -0.02
  data arrival time                                  -1.02
  -----------------------------------------------------------
  slack (MET)                                         1.04


  Startpoint: x_reg_reg[2]
              (rising edge-triggered flip-flop clocked by clk)
  Endpoint: y_reg[0] (rising edge-triggered flip-flop clocked by clk)
  Path Group: clk
  Path Type: min

  Des/Clust/Port     Wire Load Model       Library
  ------------------------------------------------
  project            ForQA                 saed32rvt_ss0p7vn40c

  Point                                    Incr       Path
  -----------------------------------------------------------
  clock clk (rise edge)                    0.00       0.00
  clock network delay (ideal)              0.00       0.00
  x_reg_reg[2]/CLK (DFFSSRX1_RVT)          0.00       0.00 r
  x_reg_reg[2]/Q (DFFSSRX1_RVT)            0.80       0.80 f
  U25/Y (NOR4X0_RVT)                       0.74       1.54 r
  U26/Y (INVX0_RVT)                        0.10       1.63 f
  y_reg[0]/RSTB (DFFSSRX1_RVT)             0.00       1.63 f
  data arrival time                                   1.63

  clock clk (rise edge)                    0.00       0.00
  clock network delay (ideal)              0.00       0.00
  clock uncertainty                        0.20       0.20
  y_reg[0]/CLK (DFFSSRX1_RVT)              0.00       0.20 r
  library hold time                       -0.10       0.10
  data required time                                  0.10
  -----------------------------------------------------------
  data required time                                  0.10
  data arrival time                                  -1.63
  -----------------------------------------------------------
  slack (MET)                                         1.53


  Startpoint: x[1] (input port clocked by clk)
  Endpoint: x_reg_reg[1]
            (rising edge-triggered flip-flop clocked by clk)
  Path Group: clk
  Path Type: min

  Des/Clust/Port     Wire Load Model       Library
  ------------------------------------------------
  project            ForQA                 saed32rvt_ss0p7vn40c

  Point                                    Incr       Path
  -----------------------------------------------------------
  clock clk (rise edge)                    0.00       0.00
  clock network delay (ideal)              0.00       0.00
  input external delay                     2.00       2.00 f
  x[1] (in)                                0.00       2.00 f
  x_reg_reg[1]/RSTB (DFFSSRX1_RVT)         0.00       2.00 f
  data arrival time                                   2.00

  clock clk (rise edge)                    0.00       0.00
  clock network delay (ideal)              0.00       0.00
  clock uncertainty                        0.20       0.20
  x_reg_reg[1]/CLK (DFFSSRX1_RVT)          0.00       0.20 r
  library hold time                       -0.07       0.13
  data required time                                  0.13
  -----------------------------------------------------------
  data required time                                  0.13
  data arrival time                                  -2.00
  -----------------------------------------------------------
  slack (MET)                                         1.87


  Startpoint: x[0] (input port clocked by clk)
  Endpoint: x_reg_reg[0]
            (rising edge-triggered flip-flop clocked by clk)
  Path Group: clk
  Path Type: min

  Des/Clust/Port     Wire Load Model       Library
  ------------------------------------------------
  project            ForQA                 saed32rvt_ss0p7vn40c

  Point                                    Incr       Path
  -----------------------------------------------------------
  clock clk (rise edge)                    0.00       0.00
  clock network delay (ideal)              0.00       0.00
  input external delay                     2.00       2.00 f
  x[0] (in)                                0.00       2.00 f
  x_reg_reg[0]/RSTB (DFFSSRX1_RVT)         0.00       2.00 f
  data arrival time                                   2.00

  clock clk (rise edge)                    0.00       0.00
  clock network delay (ideal)              0.00       0.00
  clock uncertainty                        0.20       0.20
  x_reg_reg[0]/CLK (DFFSSRX1_RVT)          0.00       0.20 r
  library hold time                       -0.07       0.13
  data required time                                  0.13
  -----------------------------------------------------------
  data required time                                  0.13
  data arrival time                                  -2.00
  -----------------------------------------------------------
  slack (MET)                                         1.87


1
